// Jest Snapshot v1, https://goo.gl/fbAQLP

exports[`renders MainPage without crashing 1`] = `
ShallowWrapper {
  Symbol(enzyme.__root__): [Circular],
  Symbol(enzyme.__unrendered__): <MainPage
    isPending={false}
    onRequestRobots={
      [MockFunction] {
        "calls": Array [
          Array [],
        ],
        "results": Array [
          Object {
            "isThrow": false,
            "value": undefined,
          },
        ],
      }
    }
    robots={
      Array [
        Object {
          "email": "john@gmail.com",
          "id": 3,
          "name": "John",
        },
      ]
    }
    searchField=""
  />,
  Symbol(enzyme.__renderer__): Object {
    "batchedUpdates": [Function],
    "checkPropTypes": [Function],
    "getNode": [Function],
    "render": [Function],
    "simulateError": [Function],
    "simulateEvent": [Function],
    "unmount": [Function],
  },
  Symbol(enzyme.__node__): Object {
    "instance": null,
    "key": undefined,
    "nodeType": "host",
    "props": Object {
      "children": Array [
        <Header />,
        <SearchBox />,
        <Scroll>
          <ErrorBoundry>
            <CardList
              robots={
                Array [
                  Object {
                    "email": "john@gmail.com",
                    "id": 3,
                    "name": "John",
                  },
                ]
              }
            />
          </ErrorBoundry>
        </Scroll>,
      ],
      "className": "tc",
    },
    "ref": null,
    "rendered": Array [
      Object {
        "instance": null,
        "key": undefined,
        "nodeType": "class",
        "props": Object {},
        "ref": null,
        "rendered": null,
        "type": [Function],
      },
      Object {
        "instance": null,
        "key": undefined,
        "nodeType": "function",
        "props": Object {
          "searchChange": undefined,
        },
        "ref": null,
        "rendered": null,
        "type": [Function],
      },
      Object {
        "instance": null,
        "key": undefined,
        "nodeType": "function",
        "props": Object {
          "children": <ErrorBoundry>
            <CardList
              robots={
                Array [
                  Object {
                    "email": "john@gmail.com",
                    "id": 3,
                    "name": "John",
                  },
                ]
              }
            />
          </ErrorBoundry>,
        },
        "ref": null,
        "rendered": Object {
          "instance": null,
          "key": undefined,
          "nodeType": "class",
          "props": Object {
            "children": <CardList
              robots={
                Array [
                  Object {
                    "email": "john@gmail.com",
                    "id": 3,
                    "name": "John",
                  },
                ]
              }
            />,
          },
          "ref": null,
          "rendered": Object {
            "instance": null,
            "key": undefined,
            "nodeType": "function",
            "props": Object {
              "robots": Array [
                Object {
                  "email": "john@gmail.com",
                  "id": 3,
                  "name": "John",
                },
              ],
            },
            "ref": null,
            "rendered": null,
            "type": [Function],
          },
          "type": [Function],
        },
        "type": [Function],
      },
    ],
    "type": "div",
  },
  Symbol(enzyme.__nodes__): Array [
    Object {
      "instance": null,
      "key": undefined,
      "nodeType": "host",
      "props": Object {
        "children": Array [
          <Header />,
          <SearchBox />,
          <Scroll>
            <ErrorBoundry>
              <CardList
                robots={
                  Array [
                    Object {
                      "email": "john@gmail.com",
                      "id": 3,
                      "name": "John",
                    },
                  ]
                }
              />
            </ErrorBoundry>
          </Scroll>,
        ],
        "className": "tc",
      },
      "ref": null,
      "rendered": Array [
        Object {
          "instance": null,
          "key": undefined,
          "nodeType": "class",
          "props": Object {},
          "ref": null,
          "rendered": null,
          "type": [Function],
        },
        Object {
          "instance": null,
          "key": undefined,
          "nodeType": "function",
          "props": Object {
            "searchChange": undefined,
          },
          "ref": null,
          "rendered": null,
          "type": [Function],
        },
        Object {
          "instance": null,
          "key": undefined,
          "nodeType": "function",
          "props": Object {
            "children": <ErrorBoundry>
              <CardList
                robots={
                  Array [
                    Object {
                      "email": "john@gmail.com",
                      "id": 3,
                      "name": "John",
                    },
                  ]
                }
              />
            </ErrorBoundry>,
          },
          "ref": null,
          "rendered": Object {
            "instance": null,
            "key": undefined,
            "nodeType": "class",
            "props": Object {
              "children": <CardList
                robots={
                  Array [
                    Object {
                      "email": "john@gmail.com",
                      "id": 3,
                      "name": "John",
                    },
                  ]
                }
              />,
            },
            "ref": null,
            "rendered": Object {
              "instance": null,
              "key": undefined,
              "nodeType": "function",
              "props": Object {
                "robots": Array [
                  Object {
                    "email": "john@gmail.com",
                    "id": 3,
                    "name": "John",
                  },
                ],
              },
              "ref": null,
              "rendered": null,
              "type": [Function],
            },
            "type": [Function],
          },
          "type": [Function],
        },
      ],
      "type": "div",
    },
  ],
  Symbol(enzyme.__options__): Object {
    "adapter": ReactSixteenAdapter {
      "options": Object {
        "enableComponentDidUpdateOnSetState": true,
        "legacyContextMode": "parent",
        "lifecycles": Object {
          "componentDidUpdate": Object {
            "onSetState": true,
          },
          "getChildContext": Object {
            "calledByRenderer": false,
          },
          "getDerivedStateFromError": true,
          "getDerivedStateFromProps": Object {
            "hasShouldComponentUpdateBug": false,
          },
          "getSnapshotBeforeUpdate": true,
          "setState": Object {
            "skipsComponentDidUpdateOnNullish": true,
          },
        },
      },
    },
  },
  Symbol(enzyme.__childContext__): null,
}
`;
